# vsim -c -voptargs="+acc" -assertdebug -sva -coverage -l simulation.log -do "log -r /*; coverage save -onexit -assert -directive -cvg -codeAll coverage.ucdb; run -all; exit" -wlf waveform.wlf -L work "+UVM_TESTNAME=axi_fifo_base_test" work.top 
# Start time: 08:01:13 on Aug 03,2026
# ** Note: (vsim-3813) Design is being optimized due to module recompilation...
# //  Questa Sim
# //  Version 10.6c linux Jul 25 2017
# //
# //  Copyright 1991-2017 Mentor Graphics Corporation
# //  All Rights Reserved.
# //
# //  QuestaSim and its associated documentation contain trade
# //  secrets and commercial or financial information that are the property of
# //  Mentor Graphics Corporation and are privileged, confidential,
# //  and exempt from disclosure under the Freedom of Information Act,
# //  5 U.S.C. Section 552. Furthermore, this information
# //  is prohibited from disclosure under the Trade Secrets Act,
# //  18 U.S.C. Section 1905.
# //
# Loading sv_std.std
# Loading work.fifo_interface(fast)
# Loading mtiUvm.uvm_pkg
# Loading work.cpu_sequence_item_pkg(fast)
# Loading work.cpu_passive_agent_pkg(fast)
# Loading work.cpu_active_agent_pkg(fast)
# Loading work.cpu_pkg(fast)
# Loading work.axi4_slave_driver_bfm(fast)
# Loading work.axi4_slave_monitor_bfm(fast)
# Loading work.axi4_globals_pkg(fast)
# Loading work.axi4_slave_pkg(fast)
# Loading work.axi_fifo_pkg(fast)
# Loading work.cpu_sequence_pkg(fast)
# Loading work.axi_sequence_pkg(fast)
# Loading work.axi_fifo_virtual_sequence_pkg(fast)
# Loading work.axi_fifo_test_pkg(fast)
# Loading work.axi_fifo_top_sv_unit(fast)
# Loading work.top(fast)
# Loading work.axi4_if_sv_unit(fast)
# Loading work.axi4_if(fast)
# Loading work.fifo_interface(fast)
# Loading work.axi4_slave_agent_bfm(fast)
# Loading work.axi4_slave_driver_bfm_sv_unit(fast)
# Loading work.axi4_slave_driver_bfm(fast)
# Loading work.axi4_slave_monitor_bfm_sv_unit(fast)
# Loading work.axi4_slave_monitor_bfm(fast)
# Loading work.Top_Module_AXI4(fast)
# Loading work.design_fifo(fast)
# Loading work.sync_fifo(fast)
# Loading work.my_decoder(fast)
# Loading work.write_response_handler(fast)
# Loading work.AXI_Master(fast)
# Loading work.AXI_MASTER_WRITE_CONTROL(fast)
# Loading work.AXI_MASTER_READ_Control(fast)
# Loading mtiUvm.questa_uvm_pkg(fast)
# Loading work.axi4_if(fast)
# Loading /tools/mentor/questasim_10.6c/questasim/uvm-1.1d/linux/uvm_dpi.so
# log -r /*
#  coverage save -onexit -assert -directive -cvg -codeAll coverage.ucdb
#  run -all
# ----------------------------------------------------------------
# UVM-1.1d
# (C) 2007-2013 Mentor Graphics Corporation
# (C) 2007-2013 Cadence Design Systems, Inc.
# (C) 2006-2013 Synopsys, Inc.
# (C) 2011-2013 Cypress Semiconductor Corp.
# ----------------------------------------------------------------
# 
#   ***********       IMPORTANT RELEASE NOTES         ************
# 
#   You are using a version of the UVM library that has been compiled
#   with `UVM_NO_DEPRECATED undefined.
#   See http://www.eda.org/svdb/view.php?id=3313 for more details.
# 
#   You are using a version of the UVM library that has been compiled
#   with `UVM_OBJECT_MUST_HAVE_CONSTRUCTOR undefined.
#   See http://www.eda.org/svdb/view.php?id=3770 for more details.
# 
#       (Specify +UVM_NO_RELNOTES to turn off this notice)
# 
# UVM_INFO verilog_src/questa_uvm_pkg-1.2/src/questa_uvm_pkg.sv(215) @ 0: reporter [Questa UVM] QUESTA_UVM-1.2.3
# UVM_INFO verilog_src/questa_uvm_pkg-1.2/src/questa_uvm_pkg.sv(217) @ 0: reporter [Questa UVM]  questa_uvm::init(+struct)
# UVM_INFO ./axi_avip/hdl_top/slave_agent_bfm/axi4_slave_driver_bfm.sv(94) @ 0: reporter [axi4 slave driver bfm] AXI4 SLAVE DRIVER BFM
# UVM_INFO ./axi_avip/hdl_top/slave_agent_bfm/axi4_slave_monitor_bfm.sv(82) @ 0: reporter [axi4 slave monitor bfm] AXI4 SLAVE MONITOR BFM
# UVM_INFO ./axi_avip/hdl_top/slave_agent_bfm/axi4_slave_agent_bfm.sv(175) @ 0: reporter [axi4 slave agent bfm] AXI4 SLAVE AGENT BFM
# UVM_INFO @ 0: reporter [RNTST] Running test axi_fifo_base_test...
# ** Warning: (vsim-8522) The number of coverpoint bins is zero for the coverpoint 'W_CHANNEL' of covergroup instance '\/cpu_pkg::cpu_subscriber::act_cov '. All the user defined bins in the coverpoint are empty bins and hence it would not contribute towards the overall coverage result.
#    Time: 0 ps  Iteration: 7  Region: /uvm_pkg::uvm_phase::m_run_phases
# ** Warning: (vsim-8522) The number of coverpoint bins is zero for the coverpoint 'R_CHANNEL' of covergroup instance '\/cpu_pkg::cpu_subscriber::pas_cov '. All the user defined bins in the coverpoint are empty bins and hence it would not contribute towards the overall coverage result.
#    Time: 0 ps  Iteration: 7  Region: /uvm_pkg::uvm_phase::m_run_phases
# ** Warning: (vsim-8474) ./axi_avip/hvl_top/slave/axi4_slave_coverage.sv(34): A higher value '31' is found in bin 'AWLEN_32' of Coverpoint 'AWLEN_CP'. It is invalid and will be ignored.
#    Time: 0 ps  Iteration: 7  Region: /uvm_pkg::uvm_phase::m_run_phases
# ** Warning: (vsim-8549) After dropping the illegal, ignore or invalid values, the values list associated with scalar bin 'AWLEN_32' in Coverpoint 'AWLEN_CP' of Covergroup instance '\/axi4_slave_pkg::axi4_slave_coverage::axi4_slave_covergroup ' has converged to empty list. The bin will be taken out of coverage calculation.
#    Time: 0 ps  Iteration: 7  Region: /uvm_pkg::uvm_phase::m_run_phases
# ** Warning: (vsim-8474) ./axi_avip/hvl_top/slave/axi4_slave_coverage.sv(35): A higher value '63' is found in bin 'AWLEN_64' of Coverpoint 'AWLEN_CP'. It is invalid and will be ignored.
#    Time: 0 ps  Iteration: 7  Region: /uvm_pkg::uvm_phase::m_run_phases
# ** Warning: (vsim-8549) After dropping the illegal, ignore or invalid values, the values list associated with scalar bin 'AWLEN_64' in Coverpoint 'AWLEN_CP' of Covergroup instance '\/axi4_slave_pkg::axi4_slave_coverage::axi4_slave_covergroup ' has converged to empty list. The bin will be taken out of coverage calculation.
#    Time: 0 ps  Iteration: 7  Region: /uvm_pkg::uvm_phase::m_run_phases
# ** Warning: (vsim-8474) ./axi_avip/hvl_top/slave/axi4_slave_coverage.sv(36): A higher value '127' is found in bin 'AWLEN_128' of Coverpoint 'AWLEN_CP'. It is invalid and will be ignored.
#    Time: 0 ps  Iteration: 7  Region: /uvm_pkg::uvm_phase::m_run_phases
# ** Warning: (vsim-8549) After dropping the illegal, ignore or invalid values, the values list associated with scalar bin 'AWLEN_128' in Coverpoint 'AWLEN_CP' of Covergroup instance '\/axi4_slave_pkg::axi4_slave_coverage::axi4_slave_covergroup ' has converged to empty list. The bin will be taken out of coverage calculation.
#    Time: 0 ps  Iteration: 7  Region: /uvm_pkg::uvm_phase::m_run_phases
# ** Warning: (vsim-8474) ./axi_avip/hvl_top/slave/axi4_slave_coverage.sv(37): A higher value '255' is found in bin 'AWLEN_256' of Coverpoint 'AWLEN_CP'. It is invalid and will be ignored.
#    Time: 0 ps  Iteration: 7  Region: /uvm_pkg::uvm_phase::m_run_phases
# ** Warning: (vsim-8549) After dropping the illegal, ignore or invalid values, the values list associated with scalar bin 'AWLEN_256' in Coverpoint 'AWLEN_CP' of Covergroup instance '\/axi4_slave_pkg::axi4_slave_coverage::axi4_slave_covergroup ' has converged to empty list. The bin will be taken out of coverage calculation.
#    Time: 0 ps  Iteration: 7  Region: /uvm_pkg::uvm_phase::m_run_phases
# ** Warning: (vsim-8474) ./axi_avip/hvl_top/slave/axi4_slave_coverage.sv(85): A higher value '31' is found in bin 'ARLEN_32' of Coverpoint 'ARLEN_CP'. It is invalid and will be ignored.
#    Time: 0 ps  Iteration: 7  Region: /uvm_pkg::uvm_phase::m_run_phases
# ** Warning: (vsim-8549) After dropping the illegal, ignore or invalid values, the values list associated with scalar bin 'ARLEN_32' in Coverpoint 'ARLEN_CP' of Covergroup instance '\/axi4_slave_pkg::axi4_slave_coverage::axi4_slave_covergroup ' has converged to empty list. The bin will be taken out of coverage calculation.
#    Time: 0 ps  Iteration: 7  Region: /uvm_pkg::uvm_phase::m_run_phases
# ** Warning: (vsim-8474) ./axi_avip/hvl_top/slave/axi4_slave_coverage.sv(86): A higher value '63' is found in bin 'ARLEN_64' of Coverpoint 'ARLEN_CP'. It is invalid and will be ignored.
#    Time: 0 ps  Iteration: 7  Region: /uvm_pkg::uvm_phase::m_run_phases
# ** Warning: (vsim-8549) After dropping the illegal, ignore or invalid values, the values list associated with scalar bin 'ARLEN_64' in Coverpoint 'ARLEN_CP' of Covergroup instance '\/axi4_slave_pkg::axi4_slave_coverage::axi4_slave_covergroup ' has converged to empty list. The bin will be taken out of coverage calculation.
#    Time: 0 ps  Iteration: 7  Region: /uvm_pkg::uvm_phase::m_run_phases
# ** Warning: (vsim-8474) ./axi_avip/hvl_top/slave/axi4_slave_coverage.sv(87): A higher value '127' is found in bin 'ARLEN_128' of Coverpoint 'ARLEN_CP'. It is invalid and will be ignored.
#    Time: 0 ps  Iteration: 7  Region: /uvm_pkg::uvm_phase::m_run_phases
# ** Warning: (vsim-8549) After dropping the illegal, ignore or invalid values, the values list associated with scalar bin 'ARLEN_128' in Coverpoint 'ARLEN_CP' of Covergroup instance '\/axi4_slave_pkg::axi4_slave_coverage::axi4_slave_covergroup ' has converged to empty list. The bin will be taken out of coverage calculation.
#    Time: 0 ps  Iteration: 7  Region: /uvm_pkg::uvm_phase::m_run_phases
# ** Warning: (vsim-8474) ./axi_avip/hvl_top/slave/axi4_slave_coverage.sv(88): A higher value '255' is found in bin 'ARLEN_256' of Coverpoint 'ARLEN_CP'. It is invalid and will be ignored.
#    Time: 0 ps  Iteration: 7  Region: /uvm_pkg::uvm_phase::m_run_phases
# ** Warning: (vsim-8549) After dropping the illegal, ignore or invalid values, the values list associated with scalar bin 'ARLEN_256' in Coverpoint 'ARLEN_CP' of Covergroup instance '\/axi4_slave_pkg::axi4_slave_coverage::axi4_slave_covergroup ' has converged to empty list. The bin will be taken out of coverage calculation.
#    Time: 0 ps  Iteration: 7  Region: /uvm_pkg::uvm_phase::m_run_phases
# ** Warning: (vsim-8474) ./axi_avip/hvl_top/slave/axi4_slave_coverage.sv(141): A higher value '31' is found in bin 'ignr' of Cross 'AWLENGTH_CP_X_AWSIZE_X_AWBURST'. It is invalid and will be ignored.
#    Time: 0 ps  Iteration: 7  Region: /uvm_pkg::uvm_phase::m_run_phases
# ** Warning: (vsim-8474) ./axi_avip/hvl_top/slave/axi4_slave_coverage.sv(141): A higher value '63' is found in bin 'ignr' of Cross 'AWLENGTH_CP_X_AWSIZE_X_AWBURST'. It is invalid and will be ignored.
#    Time: 0 ps  Iteration: 7  Region: /uvm_pkg::uvm_phase::m_run_phases
# ** Warning: (vsim-8474) ./axi_avip/hvl_top/slave/axi4_slave_coverage.sv(141): A higher value '127' is found in bin 'ignr' of Cross 'AWLENGTH_CP_X_AWSIZE_X_AWBURST'. It is invalid and will be ignored.
#    Time: 0 ps  Iteration: 7  Region: /uvm_pkg::uvm_phase::m_run_phases
# ** Warning: (vsim-8474) ./axi_avip/hvl_top/slave/axi4_slave_coverage.sv(141): A higher value '255' is found in bin 'ignr' of Cross 'AWLENGTH_CP_X_AWSIZE_X_AWBURST'. It is invalid and will be ignored.
#    Time: 0 ps  Iteration: 7  Region: /uvm_pkg::uvm_phase::m_run_phases
# ** Warning: (vsim-8559) After removing the invalid values, the intersect values list associated with bin 'ignr' in Cross 'AWLENGTH_CP_X_AWSIZE_X_AWBURST' of Covergroup instance '\/axi4_slave_pkg::axi4_slave_coverage::axi4_slave_covergroup ' has converged to empty list.
#    Time: 0 ps  Iteration: 7  Region: /uvm_pkg::uvm_phase::m_run_phases
# ** Warning: (vsim-8560) On evaluating the select expression of Cross bin 'AWLENGTH_CP_X_AWSIZE_X_AWBURST.ignr' in Covergroup instance '\/axi4_slave_pkg::axi4_slave_coverage::axi4_slave_covergroup ', the bin is found to be empty since no cross products are selected.
#    Time: 0 ps  Iteration: 7  Region: /uvm_pkg::uvm_phase::m_run_phases
# ** Warning: (vsim-8474) ./axi_avip/hvl_top/slave/axi4_slave_coverage.sv(144): A higher value '31' is found in bin 'ignr' of Cross 'ARLENGTH_CP_X_ARSIZE_X_ARBURST'. It is invalid and will be ignored.
#    Time: 0 ps  Iteration: 7  Region: /uvm_pkg::uvm_phase::m_run_phases
# ** Warning: (vsim-8474) ./axi_avip/hvl_top/slave/axi4_slave_coverage.sv(144): A higher value '63' is found in bin 'ignr' of Cross 'ARLENGTH_CP_X_ARSIZE_X_ARBURST'. It is invalid and will be ignored.
#    Time: 0 ps  Iteration: 7  Region: /uvm_pkg::uvm_phase::m_run_phases
# ** Warning: (vsim-8474) ./axi_avip/hvl_top/slave/axi4_slave_coverage.sv(144): A higher value '127' is found in bin 'ignr' of Cross 'ARLENGTH_CP_X_ARSIZE_X_ARBURST'. It is invalid and will be ignored.
#    Time: 0 ps  Iteration: 7  Region: /uvm_pkg::uvm_phase::m_run_phases
# ** Warning: (vsim-8474) ./axi_avip/hvl_top/slave/axi4_slave_coverage.sv(144): A higher value '255' is found in bin 'ignr' of Cross 'ARLENGTH_CP_X_ARSIZE_X_ARBURST'. It is invalid and will be ignored.
#    Time: 0 ps  Iteration: 7  Region: /uvm_pkg::uvm_phase::m_run_phases
# ** Warning: (vsim-8559) After removing the invalid values, the intersect values list associated with bin 'ignr' in Cross 'ARLENGTH_CP_X_ARSIZE_X_ARBURST' of Covergroup instance '\/axi4_slave_pkg::axi4_slave_coverage::axi4_slave_covergroup ' has converged to empty list.
#    Time: 0 ps  Iteration: 7  Region: /uvm_pkg::uvm_phase::m_run_phases
# ** Warning: (vsim-8560) On evaluating the select expression of Cross bin 'ARLENGTH_CP_X_ARSIZE_X_ARBURST.ignr' in Covergroup instance '\/axi4_slave_pkg::axi4_slave_coverage::axi4_slave_covergroup ', the bin is found to be empty since no cross products are selected.
#    Time: 0 ps  Iteration: 7  Region: /uvm_pkg::uvm_phase::m_run_phases
# [1;32m[INFO][0m [1;36m(ID=UVMTOP            )[0m [1;34m[time = 0][0m UVM testbench topology:
# ------------------------------------------------------------------------------------------
# Name                                             Type                          Size  Value
# ------------------------------------------------------------------------------------------
# uvm_test_top                                     axi_fifo_base_test            -     @486 
#   env                                            axi_fifo_environment          -     @493 
#     axi_fifo_scoreboard                          axi_fifo_scoreboard           -     @554 
#       act_scb_port                               uvm_analysis_imp_act_imp_scb  -     @674 
#       pas_scb_port                               uvm_analysis_imp_pas_imp_scb  -     @682 
#     axi_sagt                                     axi4_slave_agent              -     @502 
#       axi4_slave_cov_h                           axi4_slave_coverage           -     @1386
#         analysis_imp                             uvm_analysis_imp              -     @1393
#       axi4_slave_drv_proxy_h                     axi4_slave_driver_proxy       -     @691 
#         axi4_slave_read_addr_fifo_h              uvm_tlm_fifo #(T)             -     @902 
#           get_ap                                 uvm_analysis_port             -     @933 
#           get_peek_export                        uvm_get_peek_imp              -     @917 
#           put_ap                                 uvm_analysis_port             -     @925 
#           put_export                             uvm_put_imp                   -     @909 
#         axi4_slave_read_data_in_fifo_h           uvm_tlm_fifo #(T)             -     @941 
#           get_ap                                 uvm_analysis_port             -     @972 
#           get_peek_export                        uvm_get_peek_imp              -     @956 
#           put_ap                                 uvm_analysis_port             -     @964 
#           put_export                             uvm_put_imp                   -     @948 
#         axi4_slave_write_addr_fifo_h             uvm_tlm_fifo #(T)             -     @746 
#           get_ap                                 uvm_analysis_port             -     @777 
#           get_peek_export                        uvm_get_peek_imp              -     @761 
#           put_ap                                 uvm_analysis_port             -     @769 
#           put_export                             uvm_put_imp                   -     @753 
#         axi4_slave_write_data_in_fifo_h          uvm_tlm_fifo #(T)             -     @785 
#           get_ap                                 uvm_analysis_port             -     @816 
#           get_peek_export                        uvm_get_peek_imp              -     @800 
#           put_ap                                 uvm_analysis_port             -     @808 
#           put_export                             uvm_put_imp                   -     @792 
#         axi4_slave_write_data_out_fifo_h         uvm_tlm_fifo #(T)             -     @863 
#           get_ap                                 uvm_analysis_port             -     @894 
#           get_peek_export                        uvm_get_peek_imp              -     @878 
#           put_ap                                 uvm_analysis_port             -     @886 
#           put_export                             uvm_put_imp                   -     @870 
#         axi4_slave_write_response_fifo_h         uvm_tlm_fifo #(T)             -     @824 
#           get_ap                                 uvm_analysis_port             -     @855 
#           get_peek_export                        uvm_get_peek_imp              -     @839 
#           put_ap                                 uvm_analysis_port             -     @847 
#           put_export                             uvm_put_imp                   -     @831 
#         axi_read_rsp_port                        uvm_analysis_port             -     @738 
#         axi_read_seq_item_port                   uvm_seq_item_pull_port        -     @722 
#         axi_write_rsp_port                       uvm_analysis_port             -     @730 
#         axi_write_seq_item_port                  uvm_seq_item_pull_port        -     @714 
#         rsp_port                                 uvm_analysis_port             -     @706 
#         seq_item_port                            uvm_seq_item_pull_port        -     @698 
#       axi4_slave_mon_proxy_h                     axi4_slave_monitor_proxy      -     @1198
#         axi4_slave_read_address_analysis_port    uvm_analysis_port             -     @1205
#         axi4_slave_read_data_analysis_port       uvm_analysis_port             -     @1213
#         axi4_slave_read_fifo_h                   uvm_tlm_analysis_fifo #(T)    -     @1339
#           analysis_export                        uvm_analysis_imp              -     @1378
#           get_ap                                 uvm_analysis_port             -     @1370
#           get_peek_export                        uvm_get_peek_imp              -     @1354
#           put_ap                                 uvm_analysis_port             -     @1362
#           put_export                             uvm_put_imp                   -     @1346
#         axi4_slave_write_address_analysis_port   uvm_analysis_port             -     @1221
#         axi4_slave_write_address_fifo_h          uvm_tlm_analysis_fifo #(T)    -     @1245
#           analysis_export                        uvm_analysis_imp              -     @1284
#           get_ap                                 uvm_analysis_port             -     @1276
#           get_peek_export                        uvm_get_peek_imp              -     @1260
#           put_ap                                 uvm_analysis_port             -     @1268
#           put_export                             uvm_put_imp                   -     @1252
#         axi4_slave_write_data_analysis_port      uvm_analysis_port             -     @1229
#         axi4_slave_write_data_fifo_h             uvm_tlm_analysis_fifo #(T)    -     @1292
#           analysis_export                        uvm_analysis_imp              -     @1331
#           get_ap                                 uvm_analysis_port             -     @1323
#           get_peek_export                        uvm_get_peek_imp              -     @1307
#           put_ap                                 uvm_analysis_port             -     @1315
#           put_export                             uvm_put_imp                   -     @1299
#         axi4_slave_write_response_analysis_port  uvm_analysis_port             -     @1237
#       axi4_slave_read_seqr_h                     axi4_slave_read_sequencer     -     @1089
#         rsp_export                               uvm_analysis_export           -     @1096
#         seq_item_export                          uvm_seq_item_pull_imp         -     @1190
#         arbitration_queue                        array                         0     -    
#         lock_queue                               array                         0     -    
#         num_last_reqs                            integral                      32    'd1  
#         num_last_rsps                            integral                      32    'd1  
#       axi4_slave_write_seqr_h                    axi4_slave_write_sequencer    -     @980 
#         rsp_export                               uvm_analysis_export           -     @987 
#         seq_item_export                          uvm_seq_item_pull_imp         -     @1081
#         arbitration_queue                        array                         0     -    
#         lock_queue                               array                         0     -    
#         num_last_reqs                            integral                      32    'd1  
#         num_last_rsps                            integral                      32    'd1  
#     cpu_active_agt                               cpu_active_agent              -     @509 
#       a_mon_h                                    cpu_active_monitor            -     @1546
#         a_mon_port                               uvm_analysis_port             -     @1553
#       drv_h                                      cpu_driver                    -     @1414
#         rsp_port                                 uvm_analysis_port             -     @1429
#         seq_item_port                            uvm_seq_item_pull_port        -     @1421
#       sqr_h                                      cpu_sequencer                 -     @1437
#         rsp_export                               uvm_analysis_export           -     @1444
#         seq_item_export                          uvm_seq_item_pull_imp         -     @1538
#         arbitration_queue                        array                         0     -    
#         lock_queue                               array                         0     -    
#         num_last_reqs                            integral                      32    'd1  
#         num_last_rsps                            integral                      32    'd1  
#     cpu_passive_agt                              cpu_passive_agent             -     @516 
#       cpu_pass_mon                               cpu_passive_monitor           -     @1569
#         passive_mon_port                         uvm_analysis_port             -     @1576
#     cpu_sub                                      cpu_subscriber                -     @523 
#       analysis_imp                               uvm_analysis_imp              -     @530 
#       subscriber_passive_monitor_port            uvm_analysis_imp_pas_mon_cg   -     @546 
#     vseqr                                        axi_fifo_virtual_sequencer    -     @561 
#       rsp_export                                 uvm_analysis_export           -     @568 
#       seq_item_export                            uvm_seq_item_pull_imp         -     @662 
#       arbitration_queue                          array                         0     -    
#       lock_queue                                 array                         0     -    
#       num_last_reqs                              integral                      32    'd1  
#       num_last_rsps                              integral                      32    'd1  
# ------------------------------------------------------------------------------------------
# 
# [1;32m[INFO][0m [1;36m(ID=axi4_slave_driver_proxy)[0m [1;34m[time = 0][0m Slave driver proxy started - waiting for system reset
# rd_data = 00000000000000000000000000000000
# full     = 0
# empty     = 0
# --------------------------------
# [1;32m[INFO][0m [1;36m(ID=AXI4_SLAVE_DRIVER_BFM)[0m [1;34m[time = 5000][0m SYSTEM RESET ACTIVATED
# rd_data = 00000000000000000000000000000000
# full     = 0
# empty     = 1
# --------------------------------
# [1;32m[INFO][0m [1;36m(ID=AXI4_SLAVE_DRIVER_BFM)[0m [1;34m[time = 15000][0m SYSTEM RESET DE-ACTIVATED
# [1;32m[INFO][0m [1;36m(ID=AXI4_SLAVE_DRIVER_BFM)[0m [1;34m[time = 15000][0m INSIDE WRITE DATA CHANNEL
# [1;32m[INFO][0m [1;36m(ID=AXI4_SLAVE_DRIVER_BFM)[0m [1;34m[time = 15000][0m INSIDE WRITE_ADDRESS_PHASE
# [1;32m[INFO][0m [1;36m(ID=cpu_base_sequence )[0m [1;34m[time = 15000][0m CPU sequence body started
# fifo_size =          1
# rd_data = 00000000000000000000000000000000
# full     = 0
# empty     = 1
# --------------------------------
# --------------------------------
# wr_en   = 1
# wr_data = aa09e8d646a1280fe4d5e3bc53000000
# SOP     = aa
# --------------------------------
# [1;32m[INFO][0m [1;36m(ID=axi_fifo_scoreboard)[0m [1;34m[time = 25000][0m WRITE REQUEST : TxnID=0 Addr=9e8d646a
# rd_data = 00000000000000000000000000000000
# full     = 0
# empty     = 1
# --------------------------------
# --------------------------------
# wr_en   = 0
# wr_data = 00000000000000000000000000000000
# SOP     = 00
# --------------------------------
# rd_data = 00000000000000000000000000000000
# full     = 0
# empty     = 1
# --------------------------------
# --------------------------------
# wr_en   = 0
# wr_data = 00000000000000000000000000000000
# SOP     = 00
# --------------------------------
# rd_data = 00000000000000000000000000000000
# full     = 0
# empty     = 1
# --------------------------------
# --------------------------------
# wr_en   = 0
# wr_data = 00000000000000000000000000000000
# SOP     = 00
# --------------------------------
# rd_data = 00000000000000000000000000000000
# full     = 0
# empty     = 1
# --------------------------------
# --------------------------------
# wr_en   = 0
# wr_data = 00000000000000000000000000000000
# SOP     = 00
# --------------------------------
# rd_data = 00000000000000000000000000000000
# full     = 0
# empty     = 1
# --------------------------------
# --------------------------------
# wr_en   = 0
# wr_data = 00000000000000000000000000000000
# SOP     = 00
# --------------------------------
# rd_data = 00000000000000000000000000000000
# full     = 0
# empty     = 1
# --------------------------------
# [1;32m[INFO][0m [1;36m(ID=SLAVE_DRIVER_WADDR_PHASE)[0m [1;34m[time = 85000][0m outside of awvalid
# --------------------------------
# wr_en   = 0
# wr_data = 00000000000000000000000000000000
# SOP     = 00
# --------------------------------
# rd_data = 00000000000000000000000000000000
# full     = 0
# empty     = 1
# --------------------------------
# --------------------------------
# wr_en   = 0
# wr_data = 00000000000000000000000000000000
# SOP     = 00
# --------------------------------
# rd_data = 00000000000000000000000000000000
# full     = 0
# empty     = 1
# --------------------------------
# --------------------------------
# wr_en   = 0
# wr_data = 00000000000000000000000000000000
# SOP     = 00
# --------------------------------
# rd_data = 00000000000000000000000000000000
# full     = 0
# empty     = 1
# --------------------------------
# [1;32m[INFO][0m [1;36m(ID=axi4_slave_seq_item_conv_class)[0m [1;34m[time = 115000][0m Converting write response: input bid = 0
# [1;32m[INFO][0m [1;36m(ID=axi4_slave_driver_proxy)[0m [1;34m[time = 115000][0m WRITE_ADDRESS_CHANNEL::Received write address packet, awid = 0
# [1;32m[INFO][0m [1;36m(ID=SLAVE_STATUS_CHECK)[0m [1;34m[time = 115000][0m AFTER_FORK_JOIN_ANY:: SLAVE_ADDRESS_CHANNEL_STATUS =
#  FINISHED
# [1;32m[INFO][0m [1;36m(ID=SLAVE_STATUS_CHECK)[0m [1;34m[time = 115000][0m AFTER_FORK_JOIN_ANY:: SLAVE_WDATA_CHANNEL_STATUS = 
#  WAITING
# [1;32m[INFO][0m [1;36m(ID=SLAVE_STATUS_CHECK)[0m [1;34m[time = 115000][0m AFTER_FORK_JOIN_ANY:: SLAVE_WRESP_CHANNEL_STATUS = 
# WAITING
# --------------------------------
# wr_en   = 0
# wr_data = 00000000000000000000000000000000
# SOP     = 00
# --------------------------------
# ----------------------------------------------------------
# Name         Type           Size  Value                   
# ----------------------------------------------------------
# req          axi4_slave_tx  -     @1622                   
#   tx_type    string         5     WRITE                   
#   awid       string         6     AWID_0                  
#   awaddr     integral       32    'h0                     
#   awlen      integral       4     'd0                     
#   awsize     string         12    WRITE_1_BYTE            
#   awburst    string         11    WRITE_FIXED             
#   awlock     string         19    WRITE_NORMAL_ACCESS     
#   awcache    string         16    WRITE_BUFFERABLE        
#   awprot     string         24    WRITE_NORMAL_SECURE_DATA
#   awqos      integral       4     'h0                     
#   wdata[0]   integral       32    'h0                     
#   wdata[1]   integral       32    'h0                     
#   wdata[2]   integral       32    'h0                     
#   wdata[3]   integral       32    'h0                     
#   wdata[4]   integral       32    'h0                     
#   wdata[5]   integral       32    'h0                     
#   wdata[6]   integral       32    'h0                     
#   wdata[7]   integral       32    'h0                     
#   wdata[8]   integral       32    'h0                     
#   wdata[9]   integral       32    'h0                     
#   wdata[10]  integral       32    'h0                     
#   wdata[11]  integral       32    'h0                     
#   wdata[12]  integral       32    'h0                     
#   wdata[13]  integral       32    'h0                     
#   wdata[14]  integral       32    'h0                     
#   wdata[15]  integral       32    'h0                     
#   wdata[16]  integral       32    'h0                     
#   wstrb[0]   integral       4     'h0                     
#   wstrb[1]   integral       4     'h0                     
#   wstrb[2]   integral       4     'h0                     
#   wstrb[3]   integral       4     'h0                     
#   wstrb[4]   integral       4     'h0                     
#   wstrb[5]   integral       4     'h0                     
#   wstrb[6]   integral       4     'h0                     
#   wstrb[7]   integral       4     'h0                     
#   wstrb[8]   integral       4     'h0                     
#   wstrb[9]   integral       4     'h0                     
#   wstrb[10]  integral       4     'h0                     
#   wstrb[11]  integral       4     'h0                     
#   wstrb[12]  integral       4     'h0                     
#   wstrb[13]  integral       4     'h0                     
#   wstrb[14]  integral       4     'h0                     
#   wstrb[15]  integral       4     'h0                     
#   wstrb[16]  integral       4     'h0                     
#   wlast      integral       1     'd0                     
#   wuser      integral       4     'd0                     
#   bid        string         5     BID_0                   
#   bresp      string         10    WRITE_OKAY              
#   buser      integral       4     13                      
# ----------------------------------------------------------
# rd_data = 00000000000000000000000000000000
# full     = 0
# empty     = 1
# --------------------------------
# [1;32m[INFO][0m [1;36m(ID=AXI4_SLAVE_DRIVER_BFM)[0m [1;34m[time = 125000][0m INSIDE WRITE_ADDRESS_PHASE
# [1;32m[INFO][0m [1;36m(ID=axi4_slave_seq_item_conv_class)[0m [1;34m[time = 125000][0m Converting write response: input bid = 0
# --------------------------------
# wr_en   = 0
# wr_data = 00000000000000000000000000000000
# SOP     = 00
# --------------------------------
# rd_data = 00000000000000000000000000000000
# full     = 0
# empty     = 1
# --------------------------------
# [1;32m[INFO][0m [1;36m(ID=SLAVE_DRIVER_WADDR_PHASE)[0m [1;34m[time = 135000][0m outside of awvalid
# [1;32m[INFO][0m [1;36m(ID=axi4_slave_seq_item_conv_class)[0m [1;34m[time = 135000][0m Converting write response: input bid = 0
# [1;32m[INFO][0m [1;36m(ID=axi4_slave_driver_proxy)[0m [1;34m[time = 135000][0m WRITE_ADDRESS_CHANNEL::Received write address packet, awid = 0
# [1;32m[INFO][0m [1;36m(ID=SLAVE_STATUS_CHECK)[0m [1;34m[time = 135000][0m AFTER_FORK_JOIN_ANY:: SLAVE_ADDRESS_CHANNEL_STATUS =
#  FINISHED
# [1;32m[INFO][0m [1;36m(ID=SLAVE_STATUS_CHECK)[0m [1;34m[time = 135000][0m AFTER_FORK_JOIN_ANY:: SLAVE_WDATA_CHANNEL_STATUS = 
#  WAITING
# [1;32m[INFO][0m [1;36m(ID=SLAVE_STATUS_CHECK)[0m [1;34m[time = 135000][0m AFTER_FORK_JOIN_ANY:: SLAVE_WRESP_CHANNEL_STATUS = 
# WAITING
# --------------------------------
# wr_en   = 0
# wr_data = 00000000000000000000000000000000
# SOP     = 00
# --------------------------------
# ----------------------------------------------------------
# Name         Type           Size  Value                   
# ----------------------------------------------------------
# req          axi4_slave_tx  -     @1622                   
#   tx_type    string         5     WRITE                   
#   awid       string         6     AWID_0                  
#   awaddr     integral       32    'h9e8d646a              
#   awlen      integral       4     'd1                     
#   awsize     string         13    WRITE_2_BYTES           
#   awburst    string         10    WRITE_INCR              
#   awlock     string         19    WRITE_NORMAL_ACCESS     
#   awcache    string         16    WRITE_BUFFERABLE        
#   awprot     string         24    WRITE_NORMAL_SECURE_DATA
#   awqos      integral       4     'h0                     
#   wdata[0]   integral       32    'h0                     
#   wdata[1]   integral       32    'h0                     
#   wdata[2]   integral       32    'h0                     
#   wdata[3]   integral       32    'h0                     
#   wdata[4]   integral       32    'h0                     
#   wdata[5]   integral       32    'h0                     
#   wdata[6]   integral       32    'h0                     
#   wdata[7]   integral       32    'h0                     
#   wdata[8]   integral       32    'h0                     
#   wdata[9]   integral       32    'h0                     
#   wdata[10]  integral       32    'h0                     
#   wdata[11]  integral       32    'h0                     
#   wdata[12]  integral       32    'h0                     
#   wdata[13]  integral       32    'h0                     
#   wdata[14]  integral       32    'h0                     
#   wdata[15]  integral       32    'h0                     
#   wdata[16]  integral       32    'h0                     
#   wstrb[0]   integral       4     'h0                     
#   wstrb[1]   integral       4     'h0                     
#   wstrb[2]   integral       4     'h0                     
#   wstrb[3]   integral       4     'h0                     
#   wstrb[4]   integral       4     'h0                     
#   wstrb[5]   integral       4     'h0                     
#   wstrb[6]   integral       4     'h0                     
#   wstrb[7]   integral       4     'h0                     
#   wstrb[8]   integral       4     'h0                     
#   wstrb[9]   integral       4     'h0                     
#   wstrb[10]  integral       4     'h0                     
#   wstrb[11]  integral       4     'h0                     
#   wstrb[12]  integral       4     'h0                     
#   wstrb[13]  integral       4     'h0                     
#   wstrb[14]  integral       4     'h0                     
#   wstrb[15]  integral       4     'h0                     
#   wstrb[16]  integral       4     'h0                     
#   wlast      integral       1     'd0                     
#   wuser      integral       4     'd0                     
#   bid        string         5     BID_0                   
#   bresp      string         10    WRITE_OKAY              
#   buser      integral       4     13                      
# ----------------------------------------------------------
# rd_data = 00000000000000000000000000000000
# full     = 0
# empty     = 1
# --------------------------------
# --------------------------------
# wr_en   = 0
# wr_data = 00000000000000000000000000000000
# SOP     = 00
# --------------------------------
# rd_data = 00000000000000000000000000000000
# full     = 0
# empty     = 1
# --------------------------------
# [1;32m[INFO][0m [1;36m(ID=axi4_slave_seq_item_conv_class)[0m [1;34m[time = 155000][0m Converting write response: input bid = 0
# --------------------------------
# wr_en   = 0
# wr_data = 00000000000000000000000000000000
# SOP     = 00
# --------------------------------
# rd_data = 00000000000000000000000000000000
# full     = 0
# empty     = 1
# --------------------------------
# [1;32m[INFO][0m [1;36m(ID=axi4_slave_seq_item_conv_class)[0m [1;34m[time = 165000][0m Converting write response: input bid = 0
# --------------------------------
# wr_en   = 0
# wr_data = 00000000000000000000000000000000
# SOP     = 00
# --------------------------------
# rd_data = 00000000000000000000000000000000
# full     = 0
# empty     = 1
# --------------------------------
# [1;32m[INFO][0m [1;36m(ID=axi4_slave_seq_item_conv_class)[0m [1;34m[time = 175000][0m Converting write response: input bid = 0
# [1;32m[INFO][0m [1;36m(ID=axi4_slave_driver_proxy)[0m [1;34m[time = 175000][0m W data sampled | beats=17 wlast=0
# --------------------------------
# wr_en   = 0
# wr_data = 00000000000000000000000000000000
# SOP     = 00
# --------------------------------
# [1;32m[INFO][0m [1;36m(ID=axi4_slave_driver_proxy)[0m [1;34m[time = 175000][0m WRITE_RESPONSE_CHANNEL::Slave driver sending out bid = 0
# [1;32m[INFO][0m [1;36m(ID=cpu_base_sequence )[0m [1;34m[time = 175000][0m Print completed
# -------------------------------------------------------------------------------------------------------
# Name                           Type               Size  Value                                          
# -------------------------------------------------------------------------------------------------------
# req                            cpu_sequence_item  -     @1618                                          
#   wr_en                        integral           1     'h1                                            
#   rd_en                        integral           1     'h0                                            
#   wstrb                        integral           4     'hf                                            
#   addr                         integral           32    'h9e8d646a                                     
#   wdata                        integral           32    'he4d5e3bc                                     
#   ch                           channel_e          2     AW_CH                                          
#   txn_id                       txn_id_e           4     ID_0                                           
#   len                          len_e              4     BURST_LEN2                                     
#   size                         size_e             3     BYTE2                                          
#   burst                        burst_e            2     INCR                                           
#   lock                         lock_e             2     NORMAL_ACCESS                                  
#   cache                        cache_e            2     BUFFERABLE                                     
#   prot                         prot_e             3     NORMAL_SECURE_DATA                             
#   rd_data                      integral           128   'h0                                            
#   full                         integral           1     'h0                                            
#   empty                        integral           1     'h0                                            
#   begin_time                   time               64    15000                                          
#   end_time                     time               64    175000                                         
#   depth                        int                32    'd2                                            
#   parent sequence (name)       string             9     write_seq                                      
#   parent sequence (full name)  string             47    uvm_test_top.env.cpu_active_agt.sqr_h.write_seq
#   sequencer                    string             37    uvm_test_top.env.cpu_active_agt.sqr_h          
# -------------------------------------------------------------------------------------------------------
# [1;32m[INFO][0m [1;36m(ID=cpu_base_sequence )[0m [1;34m[time = 175000][0m CPU sequence body started
# fifo_size =          1
# rd_data = 00000000000000000000000000000000
# full     = 0
# empty     = 1
# --------------------------------
# [1;32m[INFO][0m [1;36m(ID=AXI4_SLAVE_DRIVER_BFM)[0m [1;34m[time = 185000][0m INSIDE WRITE DATA CHANNEL
# --------------------------------
# wr_en   = 0
# wr_data = 00000000000000000000000000000000
# SOP     = 00
# --------------------------------
# rd_data = 00000000000000000000000000000000
# full     = 0
# empty     = 0
# --------------------------------
# [1;32m[INFO][0m [1;36m(ID=axi4_slave_seq_item_conv_class)[0m [1;34m[time = 195000][0m Converting write response: input bid = 0
# PACKET INPUT SIZE IS 1
# ------------------------------------------------------------
# Name           Type           Size  Value                   
# ------------------------------------------------------------
# axi4_slave_tx  axi4_slave_tx  -     @1924                   
#   tx_type      string         5     WRITE                   
#   awid         string         6     AWID_0                  
#   awaddr       integral       32    'h9e8d646a              
#   awlen        integral       4     'd1                     
#   awsize       string         13    WRITE_2_BYTES           
#   awburst      string         10    WRITE_INCR              
#   awlock       string         19    WRITE_NORMAL_ACCESS     
#   awcache      string         16    WRITE_BUFFERABLE        
#   awprot       string         24    WRITE_NORMAL_SECURE_DATA
#   awqos        integral       4     'h0                     
#   wdata[0]     integral       32    'hbc530000              
#   wdata[1]     integral       32    'he4d5e3                
#   wstrb[0]     integral       4     'hf                     
#   wstrb[1]     integral       4     'hf                     
#   wlast        integral       1     'd0                     
#   wuser        integral       4     'd0                     
#   bid          string         5     BID_0                   
#   bresp        string         12    WRITE_SLVERR            
#   buser        integral       4     'd0                     
# ------------------------------------------------------------
# [1;32m[INFO][0m [1;36m(ID=Sequencer         )[0m [1;34m[time = 195000][0m Dropping response for sequence 3, sequence not found.  Probable cause: sequence exited or has been killed
# [1;32m[INFO][0m [1;36m(ID=axi4_slave_seq_item_conv_class)[0m [1;34m[time = 195000][0m Converting write response: input bid = 0
# [1;32m[INFO][0m [1;36m(ID=axi4_slave_monitor_proxy)[0m [1;34m[time = 195000][0m Sending out write response, bid = 0
# --------------------------------
# wr_en   = 0
# wr_data = 00000000000000000000000000000000
# SOP     = 00
# --------------------------------
# rd_data = 00000000000000000000000000000000
# full     = 0
# empty     = 0
# --------------------------------
# --------------------------------
# wr_en   = 0
# wr_data = 00000000000000000000000000000000
# SOP     = 00
# --------------------------------
# rd_data = 00000000000000000000000000000000
# full     = 0
# empty     = 0
# --------------------------------
# --------------------------------
# wr_en   = 0
# wr_data = 00000000000000000000000000000000
# SOP     = 00
# --------------------------------
# rd_data = 00000000000000000000000000000000
# full     = 0
# empty     = 0
# --------------------------------
# --------------------------------
# wr_en   = 0
# wr_data = 00000000000000000000000000000000
# SOP     = 00
# --------------------------------
# rd_data = 00000000000000000000000000000000
# full     = 0
# empty     = 1
# --------------------------------
# --------------------------------
# wr_en   = 0
# wr_data = 00000000000000000000000000000000
# SOP     = 00
# --------------------------------
# rd_data = 00000000000000000000000000000000
# full     = 0
# empty     = 1
# --------------------------------
# --------------------------------
# wr_en   = 0
# wr_data = 00000000000000000000000000000000
# SOP     = 00
# --------------------------------
# rd_data = 00000000000000000000000000000000
# full     = 0
# empty     = 1
# --------------------------------
# --------------------------------
# wr_en   = 0
# wr_data = 00000000000000000000000000000000
# SOP     = 00
# --------------------------------
# rd_data = 00000000000000000000000000000000
# full     = 0
# empty     = 1
# --------------------------------
# --------------------------------
# wr_en   = 0
# wr_data = 00000000000000000000000000000000
# SOP     = 00
# --------------------------------
# rd_data = 00000000000000000000000000000000
# full     = 0
# empty     = 1
# --------------------------------
# --------------------------------
# wr_en   = 0
# wr_data = 00000000000000000000000000000000
# SOP     = 00
# --------------------------------
# rd_data = 00000000000000000000000000000000
# full     = 0
# empty     = 1
# --------------------------------
# --------------------------------
# wr_en   = 0
# wr_data = 00000000000000000000000000000000
# SOP     = 00
# --------------------------------
# rd_data = 00000000000000000000000000000000
# full     = 0
# empty     = 1
# --------------------------------
# --------------------------------
# wr_en   = 0
# wr_data = 00000000000000000000000000000000
# SOP     = 00
# --------------------------------
# rd_data = 00000000000000000000000000000000
# full     = 0
# empty     = 1
# --------------------------------
# --------------------------------
# wr_en   = 0
# wr_data = 00000000000000000000000000000000
# SOP     = 00
# --------------------------------
# rd_data = 00000000000000000000000000000000
# full     = 0
# empty     = 1
# --------------------------------
# --------------------------------
# wr_en   = 0
# wr_data = 00000000000000000000000000000000
# SOP     = 00
# --------------------------------
# rd_data = 00000000000000000000000000000000
# full     = 0
# empty     = 1
# --------------------------------
# --------------------------------
# wr_en   = 0
# wr_data = 00000000000000000000000000000000
# SOP     = 00
# --------------------------------
# rd_data = 00000000000000000000000000000000
# full     = 0
# empty     = 1
# --------------------------------
# --------------------------------
# wr_en   = 0
# wr_data = 00000000000000000000000000000000
# SOP     = 00
# --------------------------------
# [1;32m[INFO][0m [1;36m(ID=cpu_base_sequence )[0m [1;34m[time = 335000][0m Print completed
# -------------------------------------------------------------------------------------------------------
# Name                           Type               Size  Value                                          
# -------------------------------------------------------------------------------------------------------
# req                            cpu_sequence_item  -     @1908                                          
#   wr_en                        integral           1     'h0                                            
#   rd_en                        integral           1     'h1                                            
#   wstrb                        integral           4     'h0                                            
#   addr                         integral           32    'ha4ea7358                                     
#   wdata                        integral           32    'h0                                            
#   ch                           channel_e          2     AR_CH                                          
#   txn_id                       txn_id_e           4     ID_0                                           
#   len                          len_e              4     BURST_LEN1                                     
#   size                         size_e             3     BYTE1                                          
#   burst                        burst_e            2     FIXED                                          
#   lock                         lock_e             2     NORMAL_ACCESS                                  
#   cache                        cache_e            2     BUFFERABLE                                     
#   prot                         prot_e             3     NORMAL_SECURE_DATA                             
#   rd_data                      integral           128   'h0                                            
#   full                         integral           1     'h0                                            
#   empty                        integral           1     'h0                                            
#   begin_time                   time               64    175000                                         
#   end_time                     time               64    335000                                         
#   depth                        int                32    'd2                                            
#   parent sequence (name)       string             9     write_seq                                      
#   parent sequence (full name)  string             47    uvm_test_top.env.cpu_active_agt.sqr_h.write_seq
#   sequencer                    string             37    uvm_test_top.env.cpu_active_agt.sqr_h          
# -------------------------------------------------------------------------------------------------------
# [1;32m[INFO][0m [1;36m(ID=cpu_base_sequence )[0m [1;34m[time = 335000][0m CPU sequence body started
# fifo_size =          1
# rd_data = 00000000000000000000000000000000
# full     = 0
# empty     = 1
# --------------------------------
# --------------------------------
# wr_en   = 1
# wr_data = aa1c999f7861280f142cd65153000000
# SOP     = aa
# --------------------------------
# [1;32m[INFO][0m [1;36m(ID=axi_fifo_scoreboard)[0m [1;34m[time = 345000][0m WRITE REQUEST : TxnID=1 Addr=c999f786
# rd_data = 00000000000000000000000000000000
# full     = 0
# empty     = 1
# --------------------------------
# --------------------------------
# wr_en   = 0
# wr_data = 00000000000000000000000000000000
# SOP     = 00
# --------------------------------
# rd_data = 00000000000000000000000000000000
# full     = 0
# empty     = 1
# --------------------------------
# --------------------------------
# wr_en   = 0
# wr_data = 00000000000000000000000000000000
# SOP     = 00
# --------------------------------
# rd_data = 00000000000000000000000000000000
# full     = 0
# empty     = 1
# --------------------------------
# --------------------------------
# wr_en   = 0
# wr_data = 00000000000000000000000000000000
# SOP     = 00
# --------------------------------
# rd_data = 00000000000000000000000000000000
# full     = 0
# empty     = 1
# --------------------------------
# --------------------------------
# wr_en   = 0
# wr_data = 00000000000000000000000000000000
# SOP     = 00
# --------------------------------
# rd_data = 00000000000000000000000000000000
# full     = 0
# empty     = 1
# --------------------------------
# --------------------------------
# wr_en   = 0
# wr_data = 00000000000000000000000000000000
# SOP     = 00
# --------------------------------
# rd_data = 00000000000000000000000000000000
# full     = 0
# empty     = 1
# --------------------------------
# [1;32m[INFO][0m [1;36m(ID=axi4_slave_seq_item_conv_class)[0m [1;34m[time = 405000][0m Converting write response: input bid = 0
# --------------------------------
# wr_en   = 0
# wr_data = 00000000000000000000000000000000
# SOP     = 00
# --------------------------------
# rd_data = 00000000000000000000000000000000
# full     = 0
# empty     = 1
# --------------------------------
# --------------------------------
# wr_en   = 0
# wr_data = 00000000000000000000000000000000
# SOP     = 00
# --------------------------------
# rd_data = 00000000000000000000000000000000
# full     = 0
# empty     = 1
# --------------------------------
# [1;32m[INFO][0m [1;36m(ID=axi4_slave_seq_item_conv_class)[0m [1;34m[time = 425000][0m Converting write response: input bid = 0
# --------------------------------
# wr_en   = 0
# wr_data = 00000000000000000000000000000000
# SOP     = 00
# --------------------------------
# rd_data = 00000000000000000000000000000000
# full     = 0
# empty     = 1
# --------------------------------
# [1;32m[INFO][0m [1;36m(ID=axi4_slave_seq_item_conv_class)[0m [1;34m[time = 435000][0m Converting write response: input bid = 0
# --------------------------------
# wr_en   = 0
# wr_data = 00000000000000000000000000000000
# SOP     = 00
# --------------------------------
# rd_data = 00000000000000000000000000000000
# full     = 0
# empty     = 1
# --------------------------------
# [1;32m[INFO][0m [1;36m(ID=axi4_slave_seq_item_conv_class)[0m [1;34m[time = 445000][0m Converting write response: input bid = 0
# [1;32m[INFO][0m [1;36m(ID=axi4_slave_driver_proxy)[0m [1;34m[time = 445000][0m W data sampled | beats=17 wlast=0
# --------------------------------
# wr_en   = 0
# wr_data = 00000000000000000000000000000000
# SOP     = 00
# --------------------------------
# [1;32m[INFO][0m [1;36m(ID=axi4_slave_driver_proxy)[0m [1;34m[time = 445000][0m WRITE_RESPONSE_CHANNEL::Slave driver sending out bid = 0
# rd_data = 00000000000000000000000000000000
# full     = 0
# empty     = 1
# --------------------------------
# --------------------------------
# wr_en   = 0
# wr_data = 00000000000000000000000000000000
# SOP     = 00
# --------------------------------
# rd_data = 00000000000000000000000000000000
# full     = 0
# empty     = 1
# --------------------------------
# [1;32m[INFO][0m [1;36m(ID=axi4_slave_seq_item_conv_class)[0m [1;34m[time = 465000][0m Converting write response: input bid = 0
# PACKET INPUT SIZE IS 1
# ------------------------------------------------------------
# Name           Type           Size  Value                   
# ------------------------------------------------------------
# axi4_slave_tx  axi4_slave_tx  -     @2180                   
#   tx_type      string         5     WRITE                   
#   awid         string         6     AWID_0                  
#   awaddr       integral       32    'h9e8d646a              
#   awlen        integral       4     'd1                     
#   awsize       string         13    WRITE_2_BYTES           
#   awburst      string         10    WRITE_INCR              
#   awlock       string         19    WRITE_NORMAL_ACCESS     
#   awcache      string         16    WRITE_BUFFERABLE        
#   awprot       string         24    WRITE_NORMAL_SECURE_DATA
#   awqos        integral       4     'h0                     
#   wlast        integral       1     'd0                     
#   wuser        integral       4     'd0                     
#   bid          string         5     BID_0                   
#   bresp        string         12    WRITE_SLVERR            
#   buser        integral       4     'd0                     
# ------------------------------------------------------------
# [1;32m[INFO][0m [1;36m(ID=Sequencer         )[0m [1;34m[time = 465000][0m Dropping response for sequence 3, sequence not found.  Probable cause: sequence exited or has been killed
# [1;32m[INFO][0m [1;36m(ID=axi4_slave_seq_item_conv_class)[0m [1;34m[time = 465000][0m Converting write response: input bid = 0
# [1;32m[INFO][0m [1;36m(ID=axi4_slave_monitor_proxy)[0m [1;34m[time = 465000][0m Sending out write response, bid = 0
# --------------------------------
# wr_en   = 0
# wr_data = 00000000000000000000000000000000
# SOP     = 00
# --------------------------------
# rd_data = 00000000000000000000000000000000
# full     = 0
# empty     = 1
# --------------------------------
# --------------------------------
# wr_en   = 0
# wr_data = 00000000000000000000000000000000
# SOP     = 00
# --------------------------------
# rd_data = 00000000000000000000000000000000
# full     = 0
# empty     = 1
# --------------------------------
# --------------------------------
# wr_en   = 0
# wr_data = 00000000000000000000000000000000
# SOP     = 00
# --------------------------------
# rd_data = 00000000000000000000000000000000
# full     = 0
# empty     = 1
# --------------------------------
# --------------------------------
# wr_en   = 0
# wr_data = 00000000000000000000000000000000
# SOP     = 00
# --------------------------------
# [1;32m[INFO][0m [1;36m(ID=cpu_base_sequence )[0m [1;34m[time = 495000][0m Print completed
# -------------------------------------------------------------------------------------------------------
# Name                           Type               Size  Value                                          
# -------------------------------------------------------------------------------------------------------
# req                            cpu_sequence_item  -     @2056                                          
#   wr_en                        integral           1     'h1                                            
#   rd_en                        integral           1     'h0                                            
#   wstrb                        integral           4     'hf                                            
#   addr                         integral           32    'hc999f786                                     
#   wdata                        integral           32    'h142cd651                                     
#   ch                           channel_e          2     W_CH                                           
#   txn_id                       txn_id_e           4     ID_1                                           
#   len                          len_e              4     BURST_LEN2                                     
#   size                         size_e             3     BYTE2                                          
#   burst                        burst_e            2     INCR                                           
#   lock                         lock_e             2     NORMAL_ACCESS                                  
#   cache                        cache_e            2     BUFFERABLE                                     
#   prot                         prot_e             3     NORMAL_SECURE_DATA                             
#   rd_data                      integral           128   'h0                                            
#   full                         integral           1     'h0                                            
#   empty                        integral           1     'h0                                            
#   begin_time                   time               64    335000                                         
#   end_time                     time               64    495000                                         
#   depth                        int                32    'd2                                            
#   parent sequence (name)       string             9     write_seq                                      
#   parent sequence (full name)  string             47    uvm_test_top.env.cpu_active_agt.sqr_h.write_seq
#   sequencer                    string             37    uvm_test_top.env.cpu_active_agt.sqr_h          
# -------------------------------------------------------------------------------------------------------
# [1;32m[INFO][0m [1;36m(ID=cpu_base_sequence )[0m [1;34m[time = 495000][0m CPU sequence body started
# fifo_size =          1
# rd_data = 00000000000000000000000000000000
# full     = 0
# empty     = 0
# --------------------------------
# --------------------------------
# wr_en   = 0
# wr_data = 00000000000000000000000000000000
# SOP     = 00
# --------------------------------
# rd_data = aa025300000000000000000000000000
# full     = 0
# empty     = 1
# --------------------------------
# --------------------------------
# wr_en   = 0
# wr_data = 00000000000000000000000000000000
# SOP     = 00
# --------------------------------
# rd_data = aa025300000000000000000000000000
# full     = 0
# empty     = 1
# --------------------------------
# --------------------------------
# wr_en   = 0
# wr_data = 00000000000000000000000000000000
# SOP     = 00
# --------------------------------
# rd_data = aa025300000000000000000000000000
# full     = 0
# empty     = 1
# --------------------------------
# --------------------------------
# wr_en   = 0
# wr_data = 00000000000000000000000000000000
# SOP     = 00
# --------------------------------
# rd_data = aa025300000000000000000000000000
# full     = 0
# empty     = 1
# --------------------------------
# --------------------------------
# wr_en   = 0
# wr_data = 00000000000000000000000000000000
# SOP     = 00
# --------------------------------
# rd_data = aa025300000000000000000000000000
# full     = 0
# empty     = 1
# --------------------------------
# --------------------------------
# wr_en   = 0
# wr_data = 00000000000000000000000000000000
# SOP     = 00
# --------------------------------
# rd_data = aa025300000000000000000000000000
# full     = 0
# empty     = 1
# --------------------------------
# --------------------------------
# wr_en   = 0
# wr_data = 00000000000000000000000000000000
# SOP     = 00
# --------------------------------
# rd_data = aa025300000000000000000000000000
# full     = 0
# empty     = 1
# --------------------------------
# --------------------------------
# wr_en   = 0
# wr_data = 00000000000000000000000000000000
# SOP     = 00
# --------------------------------
# rd_data = aa025300000000000000000000000000
# full     = 0
# empty     = 1
# --------------------------------
# --------------------------------
# wr_en   = 0
# wr_data = 00000000000000000000000000000000
# SOP     = 00
# --------------------------------
# rd_data = aa025300000000000000000000000000
# full     = 0
# empty     = 1
# --------------------------------
# --------------------------------
# wr_en   = 0
# wr_data = 00000000000000000000000000000000
# SOP     = 00
# --------------------------------
# rd_data = aa025300000000000000000000000000
# full     = 0
# empty     = 1
# --------------------------------
# --------------------------------
# wr_en   = 0
# wr_data = 00000000000000000000000000000000
# SOP     = 00
# --------------------------------
# rd_data = aa025300000000000000000000000000
# full     = 0
# empty     = 1
# --------------------------------
# --------------------------------
# wr_en   = 0
# wr_data = 00000000000000000000000000000000
# SOP     = 00
# --------------------------------
# rd_data = aa025300000000000000000000000000
# full     = 0
# empty     = 1
# --------------------------------
# --------------------------------
# wr_en   = 0
# wr_data = 00000000000000000000000000000000
# SOP     = 00
# --------------------------------
# rd_data = aa025300000000000000000000000000
# full     = 0
# empty     = 1
# --------------------------------
# --------------------------------
# wr_en   = 0
# wr_data = 00000000000000000000000000000000
# SOP     = 00
# --------------------------------
# rd_data = aa025300000000000000000000000000
# full     = 0
# empty     = 1
# --------------------------------
# --------------------------------
# wr_en   = 0
# wr_data = 00000000000000000000000000000000
# SOP     = 00
# --------------------------------
# rd_data = aa025300000000000000000000000000
# full     = 0
# empty     = 1
# --------------------------------
# --------------------------------
# wr_en   = 0
# wr_data = 00000000000000000000000000000000
# SOP     = 00
# --------------------------------
# [1;32m[INFO][0m [1;36m(ID=cpu_base_sequence )[0m [1;34m[time = 655000][0m Print completed
# -------------------------------------------------------------------------------------------------------
# Name                           Type               Size  Value                                          
# -------------------------------------------------------------------------------------------------------
# req                            cpu_sequence_item  -     @2224                                          
#   wr_en                        integral           1     'h0                                            
#   rd_en                        integral           1     'h1                                            
#   wstrb                        integral           4     'h0                                            
#   addr                         integral           32    'hb7f355f5                                     
#   wdata                        integral           32    'h0                                            
#   ch                           channel_e          2     AR_CH                                          
#   txn_id                       txn_id_e           4     ID_1                                           
#   len                          len_e              4     BURST_LEN1                                     
#   size                         size_e             3     BYTE1                                          
#   burst                        burst_e            2     FIXED                                          
#   lock                         lock_e             2     NORMAL_ACCESS                                  
#   cache                        cache_e            2     BUFFERABLE                                     
#   prot                         prot_e             3     NORMAL_SECURE_DATA                             
#   rd_data                      integral           128   'h0                                            
#   full                         integral           1     'h0                                            
#   empty                        integral           1     'h0                                            
#   begin_time                   time               64    495000                                         
#   end_time                     time               64    655000                                         
#   depth                        int                32    'd2                                            
#   parent sequence (name)       string             9     write_seq                                      
#   parent sequence (full name)  string             47    uvm_test_top.env.cpu_active_agt.sqr_h.write_seq
#   sequencer                    string             37    uvm_test_top.env.cpu_active_agt.sqr_h          
# -------------------------------------------------------------------------------------------------------
# [1;32m[INFO][0m [1;36m(ID=TEST_DONE         )[0m [1;34m[time = 655000][0m 'run' phase is ready to proceed to the 'extract' phase
# [1;32m[INFO][0m [1;36m(ID=axi_fifo_scoreboard)[0m [1;34m[time = 655000][0m =========================================
# [1;32m[INFO][0m [1;36m(ID=axi_fifo_scoreboard)[0m [1;34m[time = 655000][0m Write Requests Sent   : 2
# [1;32m[INFO][0m [1;36m(ID=axi_fifo_scoreboard)[0m [1;34m[time = 655000][0m Read Requests Sent    : 0
# [1;32m[INFO][0m [1;36m(ID=axi_fifo_scoreboard)[0m [1;34m[time = 655000][0m Total Requests Sent   : 2
# [1;32m[INFO][0m [1;36m(ID=axi_fifo_scoreboard)[0m [1;34m[time = 655000][0m Responses Received    : 0
# [1;32m[INFO][0m [1;36m(ID=axi_fifo_scoreboard)[0m [1;34m[time = 655000][0m =========================================
# [1;31m[ERROR][0m [1;36m(ID=axi_fifo_scoreboard)[0m [1;34m[time = 655000][0m *** STRUCTURAL CHECK: FAIL -- 2 request(s) never got a response ***
# [1;32m[INFO][0m [1;36m(ID=axi4_slave_coverage)[0m [1;34m[time = 655000][0m AXI4 Slave Agent Coverage = 27.19 %
# [1;32m[INFO][0m [1;36m(ID=cpu_subscriber    )[0m [1;34m[time = 655000][0m Input Coverage = 75.00 %
# [1;32m[INFO][0m [1;36m(ID=cpu_subscriber    )[0m [1;34m[time = 655000][0m Output Coverage = 83.33 %
# 
# --- UVM Report Summary ---
# 
# ** Report counts by severity
# UVM_INFO :   66
# UVM_WARNING :    0
# UVM_ERROR :    1
# UVM_FATAL :    0
# ** Report counts by id
# [AXI4_SLAVE_DRIVER_BFM]     6
# [Questa UVM]     2
# [RNTST]     1
# [SLAVE_DRIVER_WADDR_PHASE]     2
# [SLAVE_STATUS_CHECK]     6
# [Sequencer]     2
# [TEST_DONE]     1
# [UVMTOP]     1
# [axi4 slave agent bfm]     1
# [axi4 slave driver bfm]     1
# [axi4 slave monitor bfm]     1
# [axi4_slave_coverage]     1
# [axi4_slave_driver_proxy]     7
# [axi4_slave_monitor_proxy]     2
# [axi4_slave_seq_item_conv_class]    14
# [axi_fifo_scoreboard]     9
# [cpu_base_sequence]     8
# [cpu_subscriber]     2
# ** Note: $finish    : /tools/mentor/questasim_10.6c/questasim/linux/../verilog_src/uvm-1.1d/src/base/uvm_root.svh(430)
#    Time: 655 ns  Iteration: 67  Instance: /top
# Saving coverage database on exit...
# End time: 08:01:17 on Aug 03,2026, Elapsed time: 0:00:04
# Errors: 0, Warnings: 30
